// Jest Snapshot v1, https://goo.gl/fbAQLP

exports[`fetches Diamond lift list correctly 1`] = `
Object {
  "lifts": Array [
    Object {
      "category": null,
      "name": "Crystal Express - High-Speed Quad",
      "status": "open",
    },
    Object {
      "category": null,
      "name": "Lakeview Lift - Quad",
      "status": "open",
    },
    Object {
      "category": null,
      "name": "Lodgepole Lift - Quad",
      "status": "open",
    },
    Object {
      "category": null,
      "name": "Red Fox Lift - Double",
      "status": "open",
    },
    Object {
      "category": null,
      "name": "Ridge Chair - Double",
      "status": "open",
    },
    Object {
      "category": null,
      "name": "Schoolhouse Lift - Double",
      "status": "open",
    },
    Object {
      "category": null,
      "name": "Terrain Park",
      "status": null,
    },
  ],
}
`;

exports[`fetches Diamond trail list correctly 1`] = `
Object {
  "trails": Array [
    Object {
      "category": "Crystal Express - High-Speed Quad",
      "level": "advanced",
      "name": "Battle Born",
      "status": "open",
    },
    Object {
      "category": "Crystal Express - High-Speed Quad",
      "level": "intermediate",
      "name": "Crystal Ridge",
      "status": "open",
    },
    Object {
      "category": "Crystal Express - High-Speed Quad",
      "level": "advanced",
      "name": "Diamond Back",
      "status": "open",
    },
    Object {
      "category": "Crystal Express - High-Speed Quad",
      "level": "intermediate",
      "name": "Golden Eagle Bowl",
      "status": "open",
    },
    Object {
      "category": "Crystal Express - High-Speed Quad",
      "level": "intermediate",
      "name": "Great Flume",
      "status": "open",
    },
    Object {
      "category": "Crystal Express - High-Speed Quad",
      "level": "intermediate",
      "name": "Lakeview",
      "status": "open",
    },
    Object {
      "category": "Crystal Express - High-Speed Quad",
      "level": "advanced",
      "name": "Lightning",
      "status": "open",
    },
    Object {
      "category": "Crystal Express - High-Speed Quad",
      "level": "advanced",
      "name": "Luggis",
      "status": "open",
    },
    Object {
      "category": "Crystal Express - High-Speed Quad",
      "level": "advanced",
      "name": "Powder",
      "status": "open",
    },
    Object {
      "category": "Crystal Express - High-Speed Quad",
      "level": "advanced",
      "name": "Solitude Canyon",
      "status": "open",
    },
    Object {
      "category": "Crystal Express - High-Speed Quad",
      "level": "intermediate",
      "name": "Spillway",
      "status": "open",
    },
    Object {
      "category": "Crystal Express - High-Speed Quad",
      "level": "intermediate",
      "name": "Sunnyside",
      "status": "open",
    },
    Object {
      "category": "Crystal Express - High-Speed Quad",
      "level": "advanced",
      "name": "The Glades",
      "status": "open",
    },
    Object {
      "category": "Crystal Express - High-Speed Quad",
      "level": "advanced",
      "name": "Thunder",
      "status": "open",
    },
    Object {
      "category": "Lakeview Lift - Quad",
      "level": "intermediate",
      "name": "Cappys Corner",
      "status": "open",
    },
    Object {
      "category": "Lakeview Lift - Quad",
      "level": "advanced",
      "name": "Chute",
      "status": "open",
    },
    Object {
      "category": "Lakeview Lift - Quad",
      "level": "advanced",
      "name": "Corkscrew",
      "status": "open",
    },
    Object {
      "category": "Lakeview Lift - Quad",
      "level": "intermediate",
      "name": "Dustys",
      "status": "open",
    },
    Object {
      "category": "Lakeview Lift - Quad",
      "level": "advanced",
      "name": "F.I.S.",
      "status": "open",
    },
    Object {
      "category": "Lakeview Lift - Quad",
      "level": "beginner",
      "name": "Freeway",
      "status": "open",
    },
    Object {
      "category": "Lakeview Lift - Quad",
      "level": "advanced",
      "name": "G.S.",
      "status": "open",
    },
    Object {
      "category": "Lakeview Lift - Quad",
      "level": "intermediate",
      "name": "Lower Showoff",
      "status": "open",
    },
    Object {
      "category": "Lakeview Lift - Quad",
      "level": "advanced",
      "name": "O God",
      "status": "open",
    },
    Object {
      "category": "Lakeview Lift - Quad",
      "level": "intermediate",
      "name": "Penguin",
      "status": "open",
    },
    Object {
      "category": "Lakeview Lift - Quad",
      "level": "intermediate",
      "name": "Popular",
      "status": "open",
    },
    Object {
      "category": "Lakeview Lift - Quad",
      "level": "intermediate",
      "name": "Ridge Run",
      "status": "open",
    },
    Object {
      "category": "Lakeview Lift - Quad",
      "level": "advanced",
      "name": "Slalom Glade",
      "status": "open",
    },
    Object {
      "category": "Lakeview Lift - Quad",
      "level": "advanced",
      "name": "Upper Showoff",
      "status": "open",
    },
    Object {
      "category": "Lakeview Lift - Quad",
      "level": "intermediate",
      "name": "Wiggle",
      "status": "open",
    },
    Object {
      "category": "Lodgepole Lift - Quad",
      "level": "beginner",
      "name": "Lodge Pole",
      "status": "open",
    },
    Object {
      "category": "Schoolhouse Lift - Double",
      "level": "beginner",
      "name": "School Yard",
      "status": "open",
    },
    Object {
      "category": "Terrain Park",
      "level": null,
      "name": "Open",
      "status": null,
    },
    Object {
      "category": "Terrain Park",
      "level": null,
      "name": "Open",
      "status": null,
    },
    Object {
      "category": "Terrain Park",
      "level": null,
      "name": "Open",
      "status": null,
    },
  ],
}
`;
