// Jest Snapshot v1, https://goo.gl/fbAQLP

exports[`fetches Squaw lift list correctly 1`] = `
Object {
  "lifts": Array [
    Object {
      "category": null,
      "name": "Aerial Tram",
      "status": "closed",
    },
    Object {
      "category": null,
      "name": "Exhibition",
      "status": "closed",
    },
    Object {
      "category": null,
      "name": "Far East Express",
      "status": "closed",
    },
    Object {
      "category": null,
      "name": "First Venture",
      "status": "closed",
    },
    Object {
      "category": null,
      "name": "Funitel",
      "status": "closed",
    },
    Object {
      "category": null,
      "name": "Kaya",
      "status": "closed",
    },
    Object {
      "category": null,
      "name": "KT-22 Express",
      "status": "closed",
    },
    Object {
      "category": null,
      "name": "Olympic Lady",
      "status": "closed",
    },
    Object {
      "category": null,
      "name": "Red Dog",
      "status": "closed",
    },
    Object {
      "category": null,
      "name": "SnoVentures Carpet",
      "status": "closed",
    },
    Object {
      "category": null,
      "name": "Squaw Creek",
      "status": "closed",
    },
    Object {
      "category": null,
      "name": "Squaw One Express",
      "status": "closed",
    },
    Object {
      "category": null,
      "name": "Bailey's Beach",
      "status": "closed",
    },
    Object {
      "category": null,
      "name": "Belmont",
      "status": "closed",
    },
    Object {
      "category": null,
      "name": "Big Blue Express",
      "status": "closed",
    },
    Object {
      "category": null,
      "name": "Broken Arrow",
      "status": "closed",
    },
    Object {
      "category": null,
      "name": "Emigrant",
      "status": "closed",
    },
    Object {
      "category": null,
      "name": "Gold Coast Express",
      "status": "closed",
    },
    Object {
      "category": null,
      "name": "Granite Chief",
      "status": "closed",
    },
    Object {
      "category": null,
      "name": "Headwall Express",
      "status": "closed",
    },
    Object {
      "category": null,
      "name": "Mountain Meadow",
      "status": "closed",
    },
    Object {
      "category": null,
      "name": "Shirley Lake Express",
      "status": "closed",
    },
    Object {
      "category": null,
      "name": "Siberia Express",
      "status": "closed",
    },
    Object {
      "category": null,
      "name": "Silverado",
      "status": "closed",
    },
    Object {
      "category": null,
      "name": "Solitude",
      "status": "closed",
    },
    Object {
      "category": null,
      "name": "The Pulley",
      "status": "closed",
    },
    Object {
      "category": null,
      "name": "Boomer",
      "status": "closed",
    },
    Object {
      "category": null,
      "name": "Shaka",
      "status": "closed",
    },
    Object {
      "category": null,
      "name": "Wylee",
      "status": "closed",
    },
  ],
}
`;

exports[`fetches Squaw trail list correctly 1`] = `
Object {
  "trails": Array [
    Object {
      "category": "Broken Arrow",
      "level": "advanced",
      "name": "Akja Cache Pockets",
      "status": "closed",
    },
    Object {
      "category": "Broken Arrow",
      "level": "advanced",
      "name": "Broken Arrow",
      "status": "closed",
    },
    Object {
      "category": "Broken Arrow",
      "level": "advanced",
      "name": "Powerline Face",
      "status": "closed",
    },
    Object {
      "category": "Broken Arrow",
      "level": "advanced",
      "name": "Summer Road Pockets",
      "status": "closed",
    },
    Object {
      "category": "Broken Arrow",
      "level": "advanced",
      "name": "Swale",
      "status": "closed",
    },
    Object {
      "category": "Broken Arrow",
      "level": "advanced",
      "name": "Tower 12 Cliffs",
      "status": "closed",
    },
    Object {
      "category": "Broken Arrow",
      "level": "advanced",
      "name": "Tower 16",
      "status": "closed",
    },
    Object {
      "category": "Exhibition",
      "level": "intermediate",
      "name": "Easy Street",
      "status": "closed",
    },
    Object {
      "category": "Exhibition",
      "level": "intermediate",
      "name": "Julia's Gold",
      "status": "closed",
    },
    Object {
      "category": "Granite Chief",
      "level": "advanced",
      "name": "American River Traverse",
      "status": "closed",
    },
    Object {
      "category": "Granite Chief",
      "level": "advanced",
      "name": "Arete",
      "status": "closed",
    },
    Object {
      "category": "Granite Chief",
      "level": "advanced",
      "name": "Attic",
      "status": "closed",
    },
    Object {
      "category": "Granite Chief",
      "level": "advanced",
      "name": "Backside",
      "status": "closed",
    },
    Object {
      "category": "Granite Chief",
      "level": "advanced",
      "name": "Backside Exit",
      "status": "closed",
    },
    Object {
      "category": "Granite Chief",
      "level": "advanced",
      "name": "Black Forest",
      "status": "closed",
    },
    Object {
      "category": "Granite Chief",
      "level": "advanced",
      "name": "Bottleneck Gully",
      "status": "closed",
    },
    Object {
      "category": "Granite Chief",
      "level": "advanced",
      "name": "Break It Out",
      "status": "closed",
    },
    Object {
      "category": "Granite Chief",
      "level": "advanced",
      "name": "Carnell's",
      "status": "closed",
    },
    Object {
      "category": "Granite Chief",
      "level": "advanced",
      "name": "Corkscrew",
      "status": "closed",
    },
    Object {
      "category": "Granite Chief",
      "level": "advanced",
      "name": "Crooks' Gulch",
      "status": "closed",
    },
    Object {
      "category": "Granite Chief",
      "level": "advanced",
      "name": "Granite Chief Peak",
      "status": "closed",
    },
    Object {
      "category": "Granite Chief",
      "level": "advanced",
      "name": "Hidden Bowl",
      "status": "closed",
    },
    Object {
      "category": "Granite Chief",
      "level": "advanced",
      "name": "High Traverse",
      "status": "closed",
    },
    Object {
      "category": "Granite Chief",
      "level": "advanced",
      "name": "High Voltage",
      "status": "closed",
    },
    Object {
      "category": "Granite Chief",
      "level": "advanced",
      "name": "Inside Ledge",
      "status": "closed",
    },
    Object {
      "category": "Granite Chief",
      "level": "advanced",
      "name": "Juniper Ledge",
      "status": "closed",
    },
    Object {
      "category": "Granite Chief",
      "level": "advanced",
      "name": "Little Rock Pile",
      "status": "closed",
    },
    Object {
      "category": "Granite Chief",
      "level": "advanced",
      "name": "Magoos",
      "status": "closed",
    },
    Object {
      "category": "Granite Chief",
      "level": "advanced",
      "name": "Main Backside",
      "status": "closed",
    },
    Object {
      "category": "Granite Chief",
      "level": "advanced",
      "name": "Meadow Ledge",
      "status": "closed",
    },
    Object {
      "category": "Granite Chief",
      "level": "advanced",
      "name": "Mid Meadow",
      "status": "closed",
    },
    Object {
      "category": "Granite Chief",
      "level": "advanced",
      "name": "Paradise Alley",
      "status": "closed",
    },
    Object {
      "category": "Granite Chief",
      "level": "advanced",
      "name": "Punch Bowl",
      "status": "closed",
    },
    Object {
      "category": "Granite Chief",
      "level": "advanced",
      "name": "Rock Pile",
      "status": "closed",
    },
    Object {
      "category": "Granite Chief",
      "level": "advanced",
      "name": "Sam's Sun Runs",
      "status": "closed",
    },
    Object {
      "category": "Granite Chief",
      "level": "advanced",
      "name": "Snag Ledge",
      "status": "closed",
    },
    Object {
      "category": "Granite Chief",
      "level": "advanced",
      "name": "Upper Meadow",
      "status": "closed",
    },
    Object {
      "category": "Granite Chief",
      "level": "advanced",
      "name": "Voltage Ledge",
      "status": "closed",
    },
    Object {
      "category": "Granite Chief",
      "level": "advanced",
      "name": "White Pine Ledge",
      "status": "closed",
    },
    Object {
      "category": "Headwall",
      "level": "advanced",
      "name": "Bullet",
      "status": "closed",
    },
    Object {
      "category": "Headwall",
      "level": "advanced",
      "name": "Chicken Bowl",
      "status": "closed",
    },
    Object {
      "category": "Headwall",
      "level": "advanced",
      "name": "CII Ridge",
      "status": "closed",
    },
    Object {
      "category": "Headwall",
      "level": "advanced",
      "name": "Classic",
      "status": "closed",
    },
    Object {
      "category": "Headwall",
      "level": "advanced",
      "name": "Cornice Bowl",
      "status": "closed",
    },
    Object {
      "category": "Headwall",
      "level": "advanced",
      "name": "Garbage Chutes",
      "status": "closed",
    },
    Object {
      "category": "Headwall",
      "level": "advanced",
      "name": "Headwall Face",
      "status": "closed",
    },
    Object {
      "category": "Headwall",
      "level": "advanced",
      "name": "Hogsback",
      "status": "closed",
    },
    Object {
      "category": "Headwall",
      "level": "advanced",
      "name": "Horse Trails",
      "status": "closed",
    },
    Object {
      "category": "Headwall",
      "level": "advanced",
      "name": "Hourglass",
      "status": "closed",
    },
    Object {
      "category": "Headwall",
      "level": "advanced",
      "name": "Jagged Edge",
      "status": "closed",
    },
    Object {
      "category": "Headwall",
      "level": "advanced",
      "name": "Light Towers",
      "status": "closed",
    },
    Object {
      "category": "Headwall",
      "level": "advanced",
      "name": "Norm's",
      "status": "closed",
    },
    Object {
      "category": "Headwall",
      "level": "advanced",
      "name": "North Bowl",
      "status": "closed",
    },
    Object {
      "category": "Headwall",
      "level": "advanced",
      "name": "Slot",
      "status": "closed",
    },
    Object {
      "category": "Headwall",
      "level": "advanced",
      "name": "Sun Bowl",
      "status": "closed",
    },
    Object {
      "category": "KT-22",
      "level": "advanced",
      "name": "2nd West Face",
      "status": "closed",
    },
    Object {
      "category": "KT-22",
      "level": "advanced",
      "name": "3rd",
      "status": "closed",
    },
    Object {
      "category": "KT-22",
      "level": "advanced",
      "name": "4th",
      "status": "closed",
    },
    Object {
      "category": "KT-22",
      "level": "advanced",
      "name": "5th",
      "status": "closed",
    },
    Object {
      "category": "KT-22",
      "level": "advanced",
      "name": "Alt 75",
      "status": "closed",
    },
    Object {
      "category": "KT-22",
      "level": "advanced",
      "name": "Arnie's",
      "status": "closed",
    },
    Object {
      "category": "KT-22",
      "level": "advanced",
      "name": "Chute 75",
      "status": "closed",
    },
    Object {
      "category": "KT-22",
      "level": "advanced",
      "name": "Dead Tree",
      "status": "closed",
    },
    Object {
      "category": "KT-22",
      "level": "advanced",
      "name": "Downhill Cliffs",
      "status": "closed",
    },
    Object {
      "category": "KT-22",
      "level": "advanced",
      "name": "Eagle's Nest",
      "status": "closed",
    },
    Object {
      "category": "KT-22",
      "level": "advanced",
      "name": "East Face Cliffs",
      "status": "closed",
    },
    Object {
      "category": "KT-22",
      "level": "advanced",
      "name": "East Face Gully",
      "status": "closed",
    },
    Object {
      "category": "KT-22",
      "level": "advanced",
      "name": "Enchanted Forest",
      "status": "closed",
    },
    Object {
      "category": "KT-22",
      "level": "advanced",
      "name": "Fingers",
      "status": "closed",
    },
    Object {
      "category": "KT-22",
      "level": "advanced",
      "name": "GS Bowl",
      "status": "closed",
    },
    Object {
      "category": "KT-22",
      "level": "advanced",
      "name": "GS Cliffs",
      "status": "closed",
    },
    Object {
      "category": "KT-22",
      "level": "advanced",
      "name": "Heidi's",
      "status": "closed",
    },
    Object {
      "category": "KT-22",
      "level": "advanced",
      "name": "Heidi's Glades",
      "status": "closed",
    },
    Object {
      "category": "KT-22",
      "level": "advanced",
      "name": "Moseley's",
      "status": "closed",
    },
    Object {
      "category": "KT-22",
      "level": "advanced",
      "name": "Nose",
      "status": "closed",
    },
    Object {
      "category": "KT-22",
      "level": "advanced",
      "name": "Nose Chutes",
      "status": "closed",
    },
    Object {
      "category": "KT-22",
      "level": "advanced",
      "name": "Powder Horn",
      "status": "closed",
    },
    Object {
      "category": "KT-22",
      "level": "advanced",
      "name": "Red Dog Ridge",
      "status": "closed",
    },
    Object {
      "category": "KT-22",
      "level": "advanced",
      "name": "Red Trail",
      "status": "closed",
    },
    Object {
      "category": "KT-22",
      "level": "advanced",
      "name": "Rock Garden",
      "status": "closed",
    },
    Object {
      "category": "KT-22",
      "level": "advanced",
      "name": "Saddle",
      "status": "closed",
    },
    Object {
      "category": "KT-22",
      "level": "advanced",
      "name": "Saddle Face",
      "status": "closed",
    },
    Object {
      "category": "KT-22",
      "level": "advanced",
      "name": "Schimmelpfennig Bowl",
      "status": "closed",
    },
    Object {
      "category": "KT-22",
      "level": "advanced",
      "name": "Strawberry Fields",
      "status": "closed",
    },
    Object {
      "category": "KT-22",
      "level": "advanced",
      "name": "Tamara's",
      "status": "closed",
    },
    Object {
      "category": "KT-22",
      "level": "advanced",
      "name": "Tom's Tumble",
      "status": "closed",
    },
    Object {
      "category": "KT-22",
      "level": "advanced",
      "name": "Waterfall Gully",
      "status": "closed",
    },
    Object {
      "category": "KT-22",
      "level": "advanced",
      "name": "Women's Downhill",
      "status": "closed",
    },
    Object {
      "category": "Red Dog",
      "level": "intermediate",
      "name": "Champs Elysees",
      "status": "closed",
    },
    Object {
      "category": "Red Dog",
      "level": "advanced",
      "name": "Christmas Tree",
      "status": "closed",
    },
    Object {
      "category": "Red Dog",
      "level": "advanced",
      "name": "Cushman's",
      "status": "closed",
    },
    Object {
      "category": "Red Dog",
      "level": "advanced",
      "name": "Lower Champs Elysees",
      "status": "closed",
    },
    Object {
      "category": "Red Dog",
      "level": "advanced",
      "name": "Lower Dog Leg",
      "status": "closed",
    },
    Object {
      "category": "Red Dog",
      "level": "advanced",
      "name": "Paris Glades",
      "status": "closed",
    },
    Object {
      "category": "Red Dog",
      "level": "advanced",
      "name": "Poulsen's Gully",
      "status": "closed",
    },
    Object {
      "category": "Red Dog",
      "level": "advanced",
      "name": "Red Dog Face",
      "status": "closed",
    },
    Object {
      "category": "Red Dog",
      "level": "advanced",
      "name": "Red Dog Glades",
      "status": "closed",
    },
    Object {
      "category": "Red Dog",
      "level": "advanced",
      "name": "Secret Garden",
      "status": "closed",
    },
    Object {
      "category": "Red Dog",
      "level": "advanced",
      "name": "Upper Dog Leg",
      "status": "closed",
    },
    Object {
      "category": "Shirley/Solitude",
      "level": "intermediate",
      "name": "Atkinson's",
      "status": "closed",
    },
    Object {
      "category": "Shirley/Solitude",
      "level": "intermediate",
      "name": "Freeway",
      "status": "closed",
    },
    Object {
      "category": "Shirley/Solitude",
      "level": "intermediate",
      "name": "Hill's",
      "status": "closed",
    },
    Object {
      "category": "Shirley/Solitude",
      "level": "intermediate",
      "name": "Joe's Garage",
      "status": "closed",
    },
    Object {
      "category": "Shirley/Solitude",
      "level": "intermediate",
      "name": "Marillac's",
      "status": "closed",
    },
    Object {
      "category": "Shirley/Solitude",
      "level": "intermediate",
      "name": "Rainbow Bowl",
      "status": "closed",
    },
    Object {
      "category": "Shirley/Solitude",
      "level": "intermediate",
      "name": "Reuter's",
      "status": "closed",
    },
    Object {
      "category": "Shirley/Solitude",
      "level": "intermediate",
      "name": "Shirley Bowl",
      "status": "closed",
    },
    Object {
      "category": "Shirley/Solitude",
      "level": "intermediate",
      "name": "Standteiner's",
      "status": "closed",
    },
    Object {
      "category": "Shirley/Solitude",
      "level": "intermediate",
      "name": "Teenage Wasteland",
      "status": "closed",
    },
    Object {
      "category": "Shirley/Solitude",
      "level": "intermediate",
      "name": "Tomlinson's",
      "status": "closed",
    },
    Object {
      "category": "Shirley/Solitude",
      "level": "intermediate",
      "name": "To Solitude",
      "status": "closed",
    },
    Object {
      "category": "Siberia",
      "level": "intermediate",
      "name": "Bill's Boardwalk",
      "status": "closed",
    },
    Object {
      "category": "Siberia",
      "level": "advanced",
      "name": "Chimney",
      "status": "closed",
    },
    Object {
      "category": "Siberia",
      "level": "advanced",
      "name": "Extra",
      "status": "closed",
    },
    Object {
      "category": "Siberia",
      "level": "intermediate",
      "name": "Groove Tube",
      "status": "closed",
    },
    Object {
      "category": "Siberia",
      "level": "intermediate",
      "name": "Killy's",
      "status": "closed",
    },
    Object {
      "category": "Siberia",
      "level": "advanced",
      "name": "Kitchen Wall",
      "status": "closed",
    },
    Object {
      "category": "Siberia",
      "level": "advanced",
      "name": "Main",
      "status": "closed",
    },
    Object {
      "category": "Siberia",
      "level": "advanced",
      "name": "National",
      "status": "closed",
    },
    Object {
      "category": "Siberia",
      "level": "intermediate",
      "name": "Newport",
      "status": "closed",
    },
    Object {
      "category": "Siberia",
      "level": "intermediate",
      "name": "Racers",
      "status": "closed",
    },
    Object {
      "category": "Siberia",
      "level": "intermediate",
      "name": "Ridge Run",
      "status": "closed",
    },
    Object {
      "category": "Siberia",
      "level": "advanced",
      "name": "Siberia Bowl",
      "status": "closed",
    },
    Object {
      "category": "Siberia",
      "level": "advanced",
      "name": "Siberia Lift Line",
      "status": "closed",
    },
    Object {
      "category": "Siberia",
      "level": "advanced",
      "name": "Siberia Ridge",
      "status": "closed",
    },
    Object {
      "category": "Siberia",
      "level": "intermediate",
      "name": "Yellow Trail",
      "status": "closed",
    },
    Object {
      "category": "Silverado",
      "level": "advanced",
      "name": "Bailey's Cirque",
      "status": "closed",
    },
    Object {
      "category": "Silverado",
      "level": "advanced",
      "name": "Billy's",
      "status": "closed",
    },
    Object {
      "category": "Silverado",
      "level": "advanced",
      "name": "Fatal Attraction",
      "status": "closed",
    },
    Object {
      "category": "Silverado",
      "level": "advanced",
      "name": "Gate 1",
      "status": "closed",
    },
    Object {
      "category": "Silverado",
      "level": "advanced",
      "name": "Gate 2",
      "status": "closed",
    },
    Object {
      "category": "Silverado",
      "level": "advanced",
      "name": "Gate 3",
      "status": "closed",
    },
    Object {
      "category": "Silverado",
      "level": "advanced",
      "name": "Gate 4",
      "status": "closed",
    },
    Object {
      "category": "Silverado",
      "level": "advanced",
      "name": "Gate 5",
      "status": "closed",
    },
    Object {
      "category": "Silverado",
      "level": "advanced",
      "name": "Gate 6",
      "status": "closed",
    },
    Object {
      "category": "Silverado",
      "level": "advanced",
      "name": "Gate 7",
      "status": "closed",
    },
    Object {
      "category": "Silverado",
      "level": "advanced",
      "name": "Gate 8",
      "status": "closed",
    },
    Object {
      "category": "Silverado",
      "level": "advanced",
      "name": "Hanging Gardens",
      "status": "closed",
    },
    Object {
      "category": "Silverado",
      "level": "advanced",
      "name": "Jake's",
      "status": "closed",
    },
    Object {
      "category": "Silverado",
      "level": "advanced",
      "name": "Kathmandu",
      "status": "closed",
    },
    Object {
      "category": "Silverado",
      "level": "advanced",
      "name": "Kima's Paw",
      "status": "closed",
    },
    Object {
      "category": "Silverado",
      "level": "advanced",
      "name": "Land Bridge",
      "status": "closed",
    },
    Object {
      "category": "Silverado",
      "level": "advanced",
      "name": "Little Yosemite",
      "status": "closed",
    },
    Object {
      "category": "Silverado",
      "level": "advanced",
      "name": "Medusa",
      "status": "closed",
    },
    Object {
      "category": "Silverado",
      "level": "advanced",
      "name": "Oregon Trail",
      "status": "closed",
    },
    Object {
      "category": "Silverado",
      "level": "advanced",
      "name": "Stump Farm",
      "status": "closed",
    },
    Object {
      "category": "Silverado",
      "level": "advanced",
      "name": "The Far Side",
      "status": "closed",
    },
    Object {
      "category": "Silverado",
      "level": "advanced",
      "name": "Trail 90",
      "status": "closed",
    },
    Object {
      "category": "Silverado",
      "level": "advanced",
      "name": "Tram Bowl",
      "status": "closed",
    },
    Object {
      "category": "Squaw Creek",
      "level": "intermediate",
      "name": "Knob Hill",
      "status": "closed",
    },
    Object {
      "category": "Squaw Creek",
      "level": "intermediate",
      "name": "Lake View",
      "status": "closed",
    },
    Object {
      "category": "Squaw Creek",
      "level": "advanced",
      "name": "Montezuma's",
      "status": "closed",
    },
    Object {
      "category": "Squaw Creek",
      "level": "advanced",
      "name": "Strainer",
      "status": "closed",
    },
    Object {
      "category": "Squaw Creek",
      "level": "intermediate",
      "name": "Valley View",
      "status": "closed",
    },
    Object {
      "category": "Terrain Parks",
      "level": null,
      "name": "Belmont Park",
      "status": "closed",
    },
    Object {
      "category": "Terrain Parks",
      "level": null,
      "name": "Big Blue Park",
      "status": "closed",
    },
    Object {
      "category": "Terrain Parks",
      "level": null,
      "name": "Big Blue Pipe",
      "status": "closed",
    },
    Object {
      "category": "Terrain Parks",
      "level": null,
      "name": "Gold Coast Park",
      "status": "closed",
    },
    Object {
      "category": "Terrain Parks",
      "level": null,
      "name": "High Camp Start Park",
      "status": "closed",
    },
    Object {
      "category": "Terrain Parks",
      "level": null,
      "name": "SnoVentures Start Park",
      "status": "closed",
    },
    Object {
      "category": "Big Blue",
      "level": "beginner",
      "name": "Mules Ear",
      "status": "closed",
    },
    Object {
      "category": "Big Blue",
      "level": "beginner",
      "name": "Riviera",
      "status": "closed",
    },
    Object {
      "category": "Big Blue",
      "level": "beginner",
      "name": "Snow Flower",
      "status": "closed",
    },
    Object {
      "category": "Aerial Tram",
      "level": "intermediate",
      "name": "Mountain Run",
      "status": "closed",
    },
    Object {
      "category": "Aerial Tram",
      "level": "intermediate",
      "name": "Packers",
      "status": "closed",
    },
    Object {
      "category": "Funitel",
      "level": "intermediate",
      "name": "Burkhart's",
      "status": "closed",
    },
    Object {
      "category": "Funitel",
      "level": "intermediate",
      "name": "Home Run",
      "status": "closed",
    },
    Object {
      "category": "Funitel",
      "level": "intermediate",
      "name": "Lost Lake Loop",
      "status": "closed",
    },
    Object {
      "category": "Funitel",
      "level": "beginner",
      "name": "Lower Yellow",
      "status": "closed",
    },
    Object {
      "category": "Funitel",
      "level": "intermediate",
      "name": "Olympic High",
      "status": "closed",
    },
    Object {
      "category": "Funitel",
      "level": "intermediate",
      "name": "Spring Bowl",
      "status": "closed",
    },
    Object {
      "category": "Funitel",
      "level": "intermediate",
      "name": "Summer Road",
      "status": "closed",
    },
    Object {
      "category": "Funitel",
      "level": "intermediate",
      "name": "Sunnyside",
      "status": "closed",
    },
    Object {
      "category": "Squaw One",
      "level": "intermediate",
      "name": "To Mountain Run",
      "status": "closed",
    },
    Object {
      "category": "First Venture",
      "level": "beginner",
      "name": "Pioneer",
      "status": "closed",
    },
    Object {
      "category": "Kaya Carpet",
      "level": "beginner",
      "name": "Start Me Up",
      "status": "closed",
    },
    Object {
      "category": "Gold Coast",
      "level": "beginner",
      "name": "Coin Op",
      "status": "closed",
    },
    Object {
      "category": "Gold Coast",
      "level": "intermediate",
      "name": "Gold Coast",
      "status": "closed",
    },
    Object {
      "category": "Gold Coast",
      "level": "intermediate",
      "name": "Gold Coast Face",
      "status": "closed",
    },
    Object {
      "category": "Gold Coast",
      "level": "intermediate",
      "name": "Mystery",
      "status": "closed",
    },
    Object {
      "category": "Gold Coast",
      "level": "beginner",
      "name": "Ramp Run",
      "status": "closed",
    },
    Object {
      "category": "Gold Coast",
      "level": "beginner",
      "name": "The Mora",
      "status": "closed",
    },
    Object {
      "category": "Emigrant",
      "level": "intermediate",
      "name": "Emigrant Face",
      "status": "closed",
    },
    Object {
      "category": "Emigrant",
      "level": "intermediate",
      "name": "Emigrant Gully",
      "status": "closed",
    },
    Object {
      "category": "Emigrant",
      "level": "advanced",
      "name": "Funnel",
      "status": "closed",
    },
    Object {
      "category": "Emigrant",
      "level": "advanced",
      "name": "Mainline Pocket",
      "status": "closed",
    },
    Object {
      "category": "Emigrant",
      "level": "intermediate",
      "name": "Monument Ridge",
      "status": "closed",
    },
    Object {
      "category": "Belmont",
      "level": "beginner",
      "name": "Larkspur",
      "status": "closed",
    },
    Object {
      "category": "Bailey's Beach",
      "level": "beginner",
      "name": "Lupine",
      "status": "closed",
    },
    Object {
      "category": "Bailey's Beach",
      "level": "beginner",
      "name": "Shooting Star",
      "status": "closed",
    },
    Object {
      "category": "Mountain Meadow",
      "level": "beginner",
      "name": "Monkey Flower",
      "status": "closed",
    },
    Object {
      "category": "Mountain Meadow",
      "level": "beginner",
      "name": "Poppy",
      "status": "closed",
    },
  ],
}
`;
