// Jest Snapshot v1, https://goo.gl/fbAQLP

exports[`fetches Sugar lift list correctly 1`] = `
Object {
  "lifts": Array [
    Object {
      "category": "Village Portal",
      "name": "Lincoln Express",
      "status": "on hold",
    },
    Object {
      "category": "Village Portal",
      "name": "Disney Express",
      "status": "on hold",
    },
    Object {
      "category": "Village Portal",
      "name": "Christmas Tree Express",
      "status": "on hold",
    },
    Object {
      "category": "Village Portal",
      "name": "Nob Hill (Beginner)",
      "status": "on hold",
    },
    Object {
      "category": "Village Portal",
      "name": "Crow's Peak",
      "status": "closed",
    },
    Object {
      "category": "Village Portal",
      "name": "Village Kids Carpet",
      "status": "on hold",
    },
    Object {
      "category": "Judah Portal",
      "name": "White Pine (Beginner)",
      "status": "closed",
    },
    Object {
      "category": "Judah Portal",
      "name": "Judah Express",
      "status": "on hold",
    },
    Object {
      "category": "Judah Portal",
      "name": "Summit Chair",
      "status": "closed",
    },
    Object {
      "category": "Judah Portal",
      "name": "Jerome Hill Express",
      "status": "on hold",
    },
  ],
}
`;

exports[`fetches Sugar trail list correctly 1`] = `
Object {
  "trails": Array [],
}
`;
